[5apps.click/apps/index.html]
[backblue.gif]
[fade.gif]
[index.html]
[5apps.click/apps/path/to/font-awesome/css/font-awesome.min.css]
[cdnjs.cloudflare.com/ajax/libs/font-awesome/4.3.0/css/font-awesome.css]
[5apps.click/apps/maxcdn.bootstrapcdn.com/font-awesome/4.7.0/css/font-awesome.min.css]
[5apps.click/apps/favicon.ico]
[5apps.click/apps/netdna.bootstrapcdn.com/bootstrap/3.0.0/css/bootstrap-glyphicons.css]
[5apps.click/apps/build/panel/app.css]
[5apps.click/apps/css/app.css]
[5apps.click/apps/css/framework7.css]
[5apps.click/apps/img/logoe358e358e358.png]
[5apps.click/apps/ajax.googleapis.com/ajax/libs/jquery/3.3.1/jquery.min.js]
[5apps.click/apps/i.imgur.com/0Ks3qm0.jpg]
[05apps.us/apps/i.imgur.com/0Ks3qm0.jpg]
[05apps.us/apps/i.imgur.com/5M1ZsvA.png]
[5apps.click/apps/index.html]
[5apps.click/apps/path/to/font-awesome/css/font-awesome.min.html]
[cdnjs.cloudflare.com/ajax/libs/font-awesome/4.3.0/css/font-awesome.css]
[5apps.click/apps/maxcdn.bootstrapcdn.com/font-awesome/4.7.0/css/font-awesome.min.css]
[5apps.click/apps/maxcdn.bootstrapcdn.com/font-awesome/4.7.0/fonts/fontawesome-webfont3e6e.svg]
[5apps.click/apps/netdna.bootstrapcdn.com/bootstrap/3.0.0/css/bootstrap-glyphicons.css]
[05apps.us/apps/fonts.googleapis.com/csse092e092.html]
[5apps.click/apps/build/panel/app.css]
[5apps.click/apps/css/app.css]
[5apps.click/apps/css/framework7.css]
[5apps.click/apps/netdna.bootstrapcdn.com/bootstrap/3.0.0/fonts/glyphicons-halflings-regular.svg]
[5apps.click/apps/ajax.googleapis.com/ajax/libs/jquery/3.3.1/jquery.min.js]
[5apps.click/apps/i.imgur.com/5M1ZsvA.png]
[5apps.click/apps/i.imgur.com/aencyzF.jpg]
[5apps.click/apps/js/ipscript.js]
[5apps.click/apps/maxcdn.bootstrapcdn.com/font-awesome/4.7.0/fonts/fontawesome-webfont3e6e.svg]
[5apps.click/apps/netdna.bootstrapcdn.com/bootstrap/3.0.0/fonts/glyphicons-halflings-regular.svg]
[05apps.us/apps/i.imgur.com/aencyzF.jpg]
[gamehup.shop/p.png]
